﻿[36m
≡ƒöÆ INITIATING GHOST INTEGRITY PROTOCOL...
[0m
TEST: Deniable Encryption (Dual Key Generation)... [33m
   Generating Hidden Volume...[0m
[32mPASSED[0m
TEST: Memory Queue (RAM-Only Compliance)... [31mFAILED[0m
node.exe : 
ReferenceError: 
window is not defined
At line:1 char:1
+ & "C:\Program Files
\nodejs/node.exe" 
"C:\Program 
Files\nodejs/node_mo 
...
+ ~~~~~~~~~~~~~~~~~~~
~~~~~~~~~~~~~~~~~~~~~
~~~~~~~~~~~~~~~~~~~~~
~~~~~~~~
    + CategoryInfo   
           : NotSpe  
  cified: (Referen   
 ceError: window     
is not defined:S    
tring) [], Remot    
eException
    + FullyQualified 
   ErrorId : Native  
  CommandError
 
    at ClientMessageQ
ueue.hintGarbageColle
ction (C:\Users\HP\Do
wnloads\ghost-privacy
-main\src\utils\clien
tMessageQueue.ts:184:
5)
    at ClientMessageQ
ueue.nuclearPurge (C:
\Users\HP\Downloads\g
host-privacy-main\src
\utils\clientMessageQ
ueue.ts:168:10)
    at <anonymous> (C
:\Users\HP\Downloads\
ghost-privacy-main\sc
ripts\verify_integrit
y.ts:117:15)
    at test (C:\Users
\HP\Downloads\ghost-p
rivacy-main\scripts\v
erify_integrity.ts:46
:19)
    at runTests (C:\U
sers\HP\Downloads\gho
st-privacy-main\scrip
ts\verify_integrity.t
s:97:11)

-------------------------------------------
[31mΓ¥î INTEGRITY COMPROMISED. (1 FAULTS DETECTED)[0m
